make -C ../src clean
make[1]: Entering directory '/mnt/c/Users/User1/SO/assignment-parallel-graph/src'
rm -f serial.o os_graph.o ../utils/log/log.o parallel.o os_graph.o os_threadpool.o ../utils/log/log.o
rm -f serial parallel
rm -f *~
make[1]: Leaving directory '/mnt/c/Users/User1/SO/assignment-parallel-graph/src'
rm -f *~
make -i SRC_PATH=../src
make[1]: Entering directory '/mnt/c/Users/User1/SO/assignment-parallel-graph/tests'
make -C ../src UTILS_PATH=/mnt/c/Users/User1/SO/assignment-parallel-graph/utils
make[2]: Entering directory '/mnt/c/Users/User1/SO/assignment-parallel-graph/src'
cc -Wall -Wextra -g -O0 -I/mnt/c/Users/User1/SO/assignment-parallel-graph/utils  -c -o serial.o serial.c
cc -Wall -Wextra -g -O0 -I/mnt/c/Users/User1/SO/assignment-parallel-graph/utils  -c -o os_graph.o os_graph.c
cc -I/mnt/c/Users/User1/SO/assignment-parallel-graph/utils -Wall -Wextra -g -O0 -c -o /mnt/c/Users/User1/SO/assignment-parallel-graph/utils/log/log.o /mnt/c/Users/User1/SO/assignment-parallel-graph/utils/log/log.c
cc -o serial serial.o os_graph.o /mnt/c/Users/User1/SO/assignment-parallel-graph/utils/log/log.o
cc -Wall -Wextra -g -O0 -I/mnt/c/Users/User1/SO/assignment-parallel-graph/utils  -c -o parallel.o parallel.c
cc -Wall -Wextra -g -O0 -I/mnt/c/Users/User1/SO/assignment-parallel-graph/utils  -c -o os_threadpool.o os_threadpool.c
os_threadpool.c: In function ‘destroy_threadpool’:
os_threadpool.c:148:22: warning: unused variable ‘p’ [-Wunused-variable]
  148 |  os_list_node_t *n, *p;
      |                      ^
os_threadpool.c:148:18: warning: unused variable ‘n’ [-Wunused-variable]
  148 |  os_list_node_t *n, *p;
      |                  ^
cc -o parallel parallel.o os_graph.o os_threadpool.o /mnt/c/Users/User1/SO/assignment-parallel-graph/utils/log/log.o -lpthread 
make[2]: Leaving directory '/mnt/c/Users/User1/SO/assignment-parallel-graph/src'
make[1]: Leaving directory '/mnt/c/Users/User1/SO/assignment-parallel-graph/tests'
SRC_PATH=../src python3 checker.py
